// Jest Snapshot v1, https://goo.gl/fbAQLP

exports[`Button.vue renders html properly when passed props 1`] = `<div class="submit-btn green_btn"><span class="btn-title">Button Title</span></div>`;
